Student summary removed!
